// Jest Snapshot v1, https://jestjs.io/docs/snapshot-testing

exports[`testing doc snippets accept-or-reject-transfer.ts 1`] = `undefined`;

exports[`testing doc snippets allocate-party.ts 1`] = `undefined`;

exports[`testing doc snippets allocate-party-without-rights.ts 1`] = `undefined`;

exports[`testing doc snippets can-execute-as-any-party.ts 1`] = `undefined`;

exports[`testing doc snippets can-read-as-any-party.ts 1`] = `undefined`;

exports[`testing doc snippets create-key-pair.ts 1`] = `undefined`;

exports[`testing doc snippets create-new-user.ts 1`] = `undefined`;

exports[`testing doc snippets create-topology-transactions.ts 1`] = `undefined`;

exports[`testing doc snippets create-transfer.ts 1`] = `undefined`;

exports[`testing doc snippets create-transfer-command.ts 1`] = `undefined`;

exports[`testing doc snippets create-transfer-preapproval.ts 1`] = `undefined`;

exports[`testing doc snippets list-holdings.ts 1`] = `undefined`;

exports[`testing doc snippets list-wallets.ts 1`] = `undefined`;
