// Jest Snapshot v1, https://goo.gl/fbAQLP

exports[`testing doc snippets accept-or-reject-transfer.ts 1`] = `undefined`;

exports[`testing doc snippets allocate-party.ts 1`] = `undefined`;

exports[`testing doc snippets allocate-party-without-rights.ts 1`] = `undefined`;

exports[`testing doc snippets await-completion-and-fetch.ts 1`] = `undefined`;

exports[`testing doc snippets can-execute-as-any-party.ts 1`] = `undefined`;

exports[`testing doc snippets can-read-as-any-party.ts 1`] = `undefined`;

exports[`testing doc snippets cancel-preapproval.ts 1`] = `undefined`;

exports[`testing doc snippets change-party-and-synchronizer.ts 1`] = `undefined`;

exports[`testing doc snippets compute-transaction-hash.ts 1`] = `undefined`;

exports[`testing doc snippets convert-transaction-to-json.ts 1`] = `undefined`;

exports[`testing doc snippets create-key-pair.ts 1`] = `undefined`;

exports[`testing doc snippets create-new-user.ts 1`] = `undefined`;

exports[`testing doc snippets create-topology-transactions.ts 1`] = `undefined`;

exports[`testing doc snippets create-transfer.ts 1`] = `undefined`;

exports[`testing doc snippets create-transfer-command.ts 1`] = `undefined`;

exports[`testing doc snippets create-transfer-command-full.ts 1`] = `undefined`;

exports[`testing doc snippets create-transfer-preapproval.ts 1`] = `undefined`;

exports[`testing doc snippets decode-topology-tx.ts 1`] = `undefined`;

exports[`testing doc snippets default-config.ts 1`] = `undefined`;

exports[`testing doc snippets execute-transaction.ts 1`] = `undefined`;

exports[`testing doc snippets generate-fingerprint.ts 1`] = `"1220dd3caa6464d2ba93b1fb195ede9344d54a0e17405d9331e91ceea27f07d414f7"`;

exports[`testing doc snippets list-holdings.ts 1`] = `undefined`;

exports[`testing doc snippets list-wallets.ts 1`] = `undefined`;

exports[`testing doc snippets monitor-transaction-holdings.ts 1`] = `undefined`;

exports[`testing doc snippets oauth-controller.ts 1`] = `undefined`;

exports[`testing doc snippets prepare-incoming-command.ts 1`] = `undefined`;

exports[`testing doc snippets prepare-transfer-transaction.ts 1`] = `undefined`;

exports[`testing doc snippets read-active-contracts.ts 1`] = `undefined`;

exports[`testing doc snippets read-ledger-end.ts 1`] = `undefined`;

exports[`testing doc snippets read-pending-transfer-instructions.ts 1`] = `undefined`;

exports[`testing doc snippets renew-preapproval.ts 1`] = `undefined`;

exports[`testing doc snippets sign-party-transaction-hash.ts 1`] = `undefined`;

exports[`testing doc snippets sign-transaction-hash.ts 1`] = `undefined`;

exports[`testing doc snippets submit-signed-topology-transaction.ts 1`] = `undefined`;

exports[`testing doc snippets tap-coins.ts 1`] = `undefined`;

exports[`testing doc snippets withdraw-transfer-instruction.ts 1`] = `undefined`;
